Analysis & Synthesis report for Lab
Thu May 02 10:54:04 2019
Quartus Prime Version 15.1.0 Build 185 10/21/2015 SJ Lite Edition


---------------------
; Table of Contents ;
---------------------
  1. Legal Notice
  2. Analysis & Synthesis Summary
  3. Analysis & Synthesis Settings
  4. Parallel Compilation
  5. Analysis & Synthesis Messages



----------------
; Legal Notice ;
----------------
Copyright (C) 1991-2015 Altera Corporation. All rights reserved.
Your use of Altera Corporation's design tools, logic functions 
and other software and tools, and its AMPP partner logic 
functions, and any output files from any of the foregoing 
(including device programming or simulation files), and any 
associated documentation or information are expressly subject 
to the terms and conditions of the Altera Program License 
Subscription Agreement, the Altera Quartus Prime License Agreement,
the Altera MegaCore Function License Agreement, or other 
applicable license agreement, including, without limitation, 
that your use is for the sole purpose of programming logic 
devices manufactured by Altera and sold by Altera or its 
authorized distributors.  Please refer to the applicable 
agreement for further details.



+---------------------------------------------------------------------------+
; Analysis & Synthesis Summary                                              ;
+-----------------------------+---------------------------------------------+
; Analysis & Synthesis Status ; Failed - Thu May 02 10:54:04 2019           ;
; Quartus Prime Version       ; 15.1.0 Build 185 10/21/2015 SJ Lite Edition ;
; Revision Name               ; Lab                                         ;
; Top-level Entity Name       ; mips_processor                              ;
; Family                      ; Cyclone V                                   ;
; Logic utilization (in ALMs) ; N/A until Partition Merge                   ;
; Total registers             ; N/A until Partition Merge                   ;
; Total pins                  ; N/A until Partition Merge                   ;
; Total virtual pins          ; N/A until Partition Merge                   ;
; Total block memory bits     ; N/A until Partition Merge                   ;
; Total PLLs                  ; N/A until Partition Merge                   ;
; Total DLLs                  ; N/A until Partition Merge                   ;
+-----------------------------+---------------------------------------------+


+---------------------------------------------------------------------------------------------------------------------------+
; Analysis & Synthesis Settings                                                                                             ;
+---------------------------------------------------------------------------------+--------------------+--------------------+
; Option                                                                          ; Setting            ; Default Value      ;
+---------------------------------------------------------------------------------+--------------------+--------------------+
; Device                                                                          ; 5CGXFC7C7F23C8     ;                    ;
; Top-level entity name                                                           ; mips_processor     ; Lab                ;
; Family name                                                                     ; Cyclone V          ; Cyclone V          ;
; Use smart compilation                                                           ; Off                ; Off                ;
; Enable parallel Assembler and TimeQuest Timing Analyzer during compilation      ; On                 ; On                 ;
; Enable compact report table                                                     ; Off                ; Off                ;
; Restructure Multiplexers                                                        ; Auto               ; Auto               ;
; MLAB Add Timing Constraints For Mixed-Port Feed-Through Mode Setting Don't Care ; Off                ; Off                ;
; Create Debugging Nodes for IP Cores                                             ; Off                ; Off                ;
; Preserve fewer node names                                                       ; On                 ; On                 ;
; Disable OpenCore Plus hardware evaluation                                       ; Off                ; Off                ;
; Verilog Version                                                                 ; Verilog_2001       ; Verilog_2001       ;
; VHDL Version                                                                    ; VHDL_1993          ; VHDL_1993          ;
; State Machine Processing                                                        ; Auto               ; Auto               ;
; Safe State Machine                                                              ; Off                ; Off                ;
; Extract Verilog State Machines                                                  ; On                 ; On                 ;
; Extract VHDL State Machines                                                     ; On                 ; On                 ;
; Ignore Verilog initial constructs                                               ; Off                ; Off                ;
; Iteration limit for constant Verilog loops                                      ; 5000               ; 5000               ;
; Iteration limit for non-constant Verilog loops                                  ; 250                ; 250                ;
; Add Pass-Through Logic to Inferred RAMs                                         ; On                 ; On                 ;
; Infer RAMs from Raw Logic                                                       ; On                 ; On                 ;
; Parallel Synthesis                                                              ; On                 ; On                 ;
; DSP Block Balancing                                                             ; Auto               ; Auto               ;
; NOT Gate Push-Back                                                              ; On                 ; On                 ;
; Power-Up Don't Care                                                             ; On                 ; On                 ;
; Remove Redundant Logic Cells                                                    ; Off                ; Off                ;
; Remove Duplicate Registers                                                      ; On                 ; On                 ;
; Ignore CARRY Buffers                                                            ; Off                ; Off                ;
; Ignore CASCADE Buffers                                                          ; Off                ; Off                ;
; Ignore GLOBAL Buffers                                                           ; Off                ; Off                ;
; Ignore ROW GLOBAL Buffers                                                       ; Off                ; Off                ;
; Ignore LCELL Buffers                                                            ; Off                ; Off                ;
; Ignore SOFT Buffers                                                             ; On                 ; On                 ;
; Limit AHDL Integers to 32 Bits                                                  ; Off                ; Off                ;
; Optimization Technique                                                          ; Balanced           ; Balanced           ;
; Carry Chain Length                                                              ; 70                 ; 70                 ;
; Auto Carry Chains                                                               ; On                 ; On                 ;
; Auto Open-Drain Pins                                                            ; On                 ; On                 ;
; Perform WYSIWYG Primitive Resynthesis                                           ; Off                ; Off                ;
; Auto ROM Replacement                                                            ; On                 ; On                 ;
; Auto RAM Replacement                                                            ; On                 ; On                 ;
; Auto DSP Block Replacement                                                      ; On                 ; On                 ;
; Auto Shift Register Replacement                                                 ; Auto               ; Auto               ;
; Allow Shift Register Merging across Hierarchies                                 ; Auto               ; Auto               ;
; Auto Clock Enable Replacement                                                   ; On                 ; On                 ;
; Strict RAM Replacement                                                          ; Off                ; Off                ;
; Allow Synchronous Control Signals                                               ; On                 ; On                 ;
; Force Use of Synchronous Clear Signals                                          ; Off                ; Off                ;
; Auto Resource Sharing                                                           ; Off                ; Off                ;
; Allow Any RAM Size For Recognition                                              ; Off                ; Off                ;
; Allow Any ROM Size For Recognition                                              ; Off                ; Off                ;
; Allow Any Shift Register Size For Recognition                                   ; Off                ; Off                ;
; Use LogicLock Constraints during Resource Balancing                             ; On                 ; On                 ;
; Ignore translate_off and synthesis_off directives                               ; Off                ; Off                ;
; Timing-Driven Synthesis                                                         ; On                 ; On                 ;
; Report Parameter Settings                                                       ; On                 ; On                 ;
; Report Source Assignments                                                       ; On                 ; On                 ;
; Report Connectivity Checks                                                      ; On                 ; On                 ;
; Ignore Maximum Fan-Out Assignments                                              ; Off                ; Off                ;
; Synchronization Register Chain Length                                           ; 3                  ; 3                  ;
; PowerPlay Power Optimization During Synthesis                                   ; Normal compilation ; Normal compilation ;
; HDL message level                                                               ; Level2             ; Level2             ;
; Suppress Register Optimization Related Messages                                 ; Off                ; Off                ;
; Number of Removed Registers Reported in Synthesis Report                        ; 5000               ; 5000               ;
; Number of Swept Nodes Reported in Synthesis Report                              ; 5000               ; 5000               ;
; Number of Inverted Registers Reported in Synthesis Report                       ; 100                ; 100                ;
; Clock MUX Protection                                                            ; On                 ; On                 ;
; Auto Gated Clock Conversion                                                     ; Off                ; Off                ;
; Block Design Naming                                                             ; Auto               ; Auto               ;
; SDC constraint protection                                                       ; Off                ; Off                ;
; Synthesis Effort                                                                ; Auto               ; Auto               ;
; Shift Register Replacement - Allow Asynchronous Clear Signal                    ; On                 ; On                 ;
; Pre-Mapping Resynthesis Optimization                                            ; Off                ; Off                ;
; Analysis & Synthesis Message Level                                              ; Medium             ; Medium             ;
; Disable Register Merging Across Hierarchies                                     ; Auto               ; Auto               ;
; Resource Aware Inference For Block RAM                                          ; On                 ; On                 ;
; Synthesis Seed                                                                  ; 1                  ; 1                  ;
; Automatic Parallel Synthesis                                                    ; On                 ; On                 ;
; Partial Reconfiguration Bitstream ID                                            ; Off                ; Off                ;
+---------------------------------------------------------------------------------+--------------------+--------------------+


Parallel compilation was disabled, but you have multiple processors available. Enable parallel compilation to reduce compilation time.
+-------------------------------------+
; Parallel Compilation                ;
+----------------------------+--------+
; Processors                 ; Number ;
+----------------------------+--------+
; Number detected on machine ; 8      ;
; Maximum allowed            ; 1      ;
+----------------------------+--------+


+-------------------------------+
; Analysis & Synthesis Messages ;
+-------------------------------+
Info: *******************************************************************
Info: Running Quartus Prime Analysis & Synthesis
    Info: Version 15.1.0 Build 185 10/21/2015 SJ Lite Edition
    Info: Processing started: Thu May 02 10:53:52 2019
Info: Command: quartus_map --read_settings_files=on --write_settings_files=off Lab -c Lab
Warning (20028): Parallel compilation is not licensed and has been disabled
Info (12021): Found 2 design units, including 1 entities, in source file forwarding.vhd
    Info (12022): Found design unit 1: forwarding-behavior File: C:/Users/ronaldocanesqui/Desktop/MipsProcessor-master/forwarding.vhd Line: 28
    Info (12023): Found entity 1: forwarding File: C:/Users/ronaldocanesqui/Desktop/MipsProcessor-master/forwarding.vhd Line: 6
Info (12021): Found 2 design units, including 1 entities, in source file romvhdl.vhd
    Info (12022): Found design unit 1: romvhdl-SYN File: C:/Users/ronaldocanesqui/Desktop/MipsProcessor-master/ROMVHDL.vhd Line: 53
    Info (12023): Found entity 1: ROMVHDL File: C:/Users/ronaldocanesqui/Desktop/MipsProcessor-master/ROMVHDL.vhd Line: 43
Info (12021): Found 2 design units, including 1 entities, in source file ram.vhd
    Info (12022): Found design unit 1: ram-SYN File: C:/Users/ronaldocanesqui/Desktop/MipsProcessor-master/RAM.vhd Line: 56
    Info (12023): Found entity 1: RAM File: C:/Users/ronaldocanesqui/Desktop/MipsProcessor-master/RAM.vhd Line: 43
Info (12021): Found 2 design units, including 1 entities, in source file signextend.vhd
    Info (12022): Found design unit 1: signextend-behavior File: C:/Users/ronaldocanesqui/Desktop/MipsProcessor-master/signextend.vhd Line: 12
    Info (12023): Found entity 1: signextend File: C:/Users/ronaldocanesqui/Desktop/MipsProcessor-master/signextend.vhd Line: 6
Info (12021): Found 2 design units, including 1 entities, in source file register_file.vhd
    Info (12022): Found design unit 1: register_file-arch File: C:/Users/ronaldocanesqui/Desktop/MipsProcessor-master/register_file.vhd Line: 14
    Info (12023): Found entity 1: register_file File: C:/Users/ronaldocanesqui/Desktop/MipsProcessor-master/register_file.vhd Line: 6
Info (12021): Found 2 design units, including 1 entities, in source file pc.vhd
    Info (12022): Found design unit 1: PC-behavior File: C:/Users/ronaldocanesqui/Desktop/MipsProcessor-master/pc.vhd Line: 12
    Info (12023): Found entity 1: PC File: C:/Users/ronaldocanesqui/Desktop/MipsProcessor-master/pc.vhd Line: 4
Info (12021): Found 2 design units, including 1 entities, in source file orgate.vhd
    Info (12022): Found design unit 1: orgate-behavior File: C:/Users/ronaldocanesqui/Desktop/MipsProcessor-master/orgate.vhd Line: 10
    Info (12023): Found entity 1: orgate File: C:/Users/ronaldocanesqui/Desktop/MipsProcessor-master/orgate.vhd Line: 4
Warning (12090): Entity "mux" obtained from "mux.vhd" instead of from Quartus Prime megafunction library File: C:/Users/ronaldocanesqui/Desktop/MipsProcessor-master/mux.vhd Line: 6
Info (12021): Found 2 design units, including 1 entities, in source file mux.vhd
    Info (12022): Found design unit 1: mux-behavior File: C:/Users/ronaldocanesqui/Desktop/MipsProcessor-master/mux.vhd Line: 12
    Info (12023): Found entity 1: mux File: C:/Users/ronaldocanesqui/Desktop/MipsProcessor-master/mux.vhd Line: 6
Info (12021): Found 2 design units, including 1 entities, in source file mips_processor.vhd
    Info (12022): Found design unit 1: mips_processor-behavior File: C:/Users/ronaldocanesqui/Desktop/MipsProcessor-master/mips_processor.vhd Line: 21
    Info (12023): Found entity 1: mips_processor File: C:/Users/ronaldocanesqui/Desktop/MipsProcessor-master/mips_processor.vhd Line: 6
Info (12021): Found 2 design units, including 1 entities, in source file mips_control.vhd
    Info (12022): Found design unit 1: mips_control-behavior File: C:/Users/ronaldocanesqui/Desktop/MipsProcessor-master/mips_control.vhd Line: 15
    Info (12023): Found entity 1: mips_control File: C:/Users/ronaldocanesqui/Desktop/MipsProcessor-master/mips_control.vhd Line: 4
Info (12021): Found 2 design units, including 1 entities, in source file max32.vhd
    Info (12022): Found design unit 1: mux32-behavior File: C:/Users/ronaldocanesqui/Desktop/MipsProcessor-master/max32.vhd Line: 12
    Info (12023): Found entity 1: mux32 File: C:/Users/ronaldocanesqui/Desktop/MipsProcessor-master/max32.vhd Line: 6
Info (12021): Found 0 design units, including 0 entities, in source file lab.vhd
Info (12021): Found 2 design units, including 1 entities, in source file and.vhd
    Info (12022): Found design unit 1: andgate-behavior File: C:/Users/ronaldocanesqui/Desktop/MipsProcessor-master/and.vhd Line: 10
    Info (12023): Found entity 1: andgate File: C:/Users/ronaldocanesqui/Desktop/MipsProcessor-master/and.vhd Line: 4
Info (12021): Found 2 design units, including 1 entities, in source file alu.vhd
    Info (12022): Found design unit 1: alu-arch File: C:/Users/ronaldocanesqui/Desktop/MipsProcessor-master/alu.vhd Line: 15
    Info (12023): Found entity 1: alu File: C:/Users/ronaldocanesqui/Desktop/MipsProcessor-master/alu.vhd Line: 7
Info (12127): Elaborating entity "mips_processor" for the top level hierarchy
Warning (10036): Verilog HDL or VHDL warning at mips_processor.vhd(24): object "sreaddata2_EXMEM" assigned a value but never read File: C:/Users/ronaldocanesqui/Desktop/MipsProcessor-master/mips_processor.vhd Line: 24
Warning (10036): Verilog HDL or VHDL warning at mips_processor.vhd(24): object "alu_oper2" assigned a value but never read File: C:/Users/ronaldocanesqui/Desktop/MipsProcessor-master/mips_processor.vhd Line: 24
Warning (10036): Verilog HDL or VHDL warning at mips_processor.vhd(26): object "salumainresult_MEMWB" assigned a value but never read File: C:/Users/ronaldocanesqui/Desktop/MipsProcessor-master/mips_processor.vhd Line: 26
Warning (10036): Verilog HDL or VHDL warning at mips_processor.vhd(27): object "sjumpaddress_EXMEM" assigned a value but never read File: C:/Users/ronaldocanesqui/Desktop/MipsProcessor-master/mips_processor.vhd Line: 27
Warning (10036): Verilog HDL or VHDL warning at mips_processor.vhd(29): object "sregdest_EXMEM" assigned a value but never read File: C:/Users/ronaldocanesqui/Desktop/MipsProcessor-master/mips_processor.vhd Line: 29
Warning (10036): Verilog HDL or VHDL warning at mips_processor.vhd(32): object "sjr_EXMEM" assigned a value but never read File: C:/Users/ronaldocanesqui/Desktop/MipsProcessor-master/mips_processor.vhd Line: 32
Warning (10036): Verilog HDL or VHDL warning at mips_processor.vhd(34): object "sjump_EXMEM" assigned a value but never read File: C:/Users/ronaldocanesqui/Desktop/MipsProcessor-master/mips_processor.vhd Line: 34
Warning (10036): Verilog HDL or VHDL warning at mips_processor.vhd(36): object "sreadreg1_MEMWB" assigned a value but never read File: C:/Users/ronaldocanesqui/Desktop/MipsProcessor-master/mips_processor.vhd Line: 36
Warning (10036): Verilog HDL or VHDL warning at mips_processor.vhd(36): object "sreadreg2_MEMWB" assigned a value but never read File: C:/Users/ronaldocanesqui/Desktop/MipsProcessor-master/mips_processor.vhd Line: 36
Warning (10492): VHDL Process Statement warning at mips_processor.vhd(159): signal "pc_counter_input" is read inside the Process Statement but isn't in the Process Statement's sensitivity list File: C:/Users/ronaldocanesqui/Desktop/MipsProcessor-master/mips_processor.vhd Line: 159
Warning (10492): VHDL Process Statement warning at mips_processor.vhd(164): signal "spc_IFID" is read inside the Process Statement but isn't in the Process Statement's sensitivity list File: C:/Users/ronaldocanesqui/Desktop/MipsProcessor-master/mips_processor.vhd Line: 164
Info (12128): Elaborating entity "PC" for hierarchy "PC:pc_mips" File: C:/Users/ronaldocanesqui/Desktop/MipsProcessor-master/mips_processor.vhd Line: 357
Info (12128): Elaborating entity "ROMVHDL" for hierarchy "ROMVHDL:rom" File: C:/Users/ronaldocanesqui/Desktop/MipsProcessor-master/mips_processor.vhd Line: 363
Info (12128): Elaborating entity "altsyncram" for hierarchy "ROMVHDL:rom|altsyncram:altsyncram_component" File: C:/Users/ronaldocanesqui/Desktop/MipsProcessor-master/ROMVHDL.vhd Line: 60
Info (12130): Elaborated megafunction instantiation "ROMVHDL:rom|altsyncram:altsyncram_component" File: C:/Users/ronaldocanesqui/Desktop/MipsProcessor-master/ROMVHDL.vhd Line: 60
Info (12133): Instantiated megafunction "ROMVHDL:rom|altsyncram:altsyncram_component" with the following parameter: File: C:/Users/ronaldocanesqui/Desktop/MipsProcessor-master/ROMVHDL.vhd Line: 60
    Info (12134): Parameter "address_aclr_a" = "NONE"
    Info (12134): Parameter "address_aclr_b" = "NONE"
    Info (12134): Parameter "address_reg_b" = "CLOCK1"
    Info (12134): Parameter "byte_size" = "8"
    Info (12134): Parameter "byteena_aclr_a" = "UNUSED"
    Info (12134): Parameter "byteena_aclr_b" = "NONE"
    Info (12134): Parameter "byteena_reg_b" = "CLOCK1"
    Info (12134): Parameter "clock_enable_core_a" = "USE_INPUT_CLKEN"
    Info (12134): Parameter "clock_enable_core_b" = "USE_INPUT_CLKEN"
    Info (12134): Parameter "clock_enable_input_a" = "BYPASS"
    Info (12134): Parameter "clock_enable_input_b" = "NORMAL"
    Info (12134): Parameter "clock_enable_output_a" = "BYPASS"
    Info (12134): Parameter "clock_enable_output_b" = "NORMAL"
    Info (12134): Parameter "intended_device_family" = "Cyclone V"
    Info (12134): Parameter "ecc_pipeline_stage_enabled" = "FALSE"
    Info (12134): Parameter "enable_ecc" = "FALSE"
    Info (12134): Parameter "implement_in_les" = "OFF"
    Info (12134): Parameter "indata_aclr_a" = "UNUSED"
    Info (12134): Parameter "indata_aclr_b" = "NONE"
    Info (12134): Parameter "indata_reg_b" = "CLOCK1"
    Info (12134): Parameter "init_file" = "ROM.mif"
    Info (12134): Parameter "init_file_layout" = "PORT_A"
    Info (12134): Parameter "maximum_depth" = "0"
    Info (12134): Parameter "numwords_a" = "64"
    Info (12134): Parameter "numwords_b" = "0"
    Info (12134): Parameter "operation_mode" = "ROM"
    Info (12134): Parameter "outdata_aclr_a" = "NONE"
    Info (12134): Parameter "outdata_aclr_b" = "NONE"
    Info (12134): Parameter "outdata_reg_a" = "UNREGISTERED"
    Info (12134): Parameter "outdata_reg_b" = "UNREGISTERED"
    Info (12134): Parameter "power_up_uninitialized" = "FALSE"
    Info (12134): Parameter "ram_block_type" = "AUTO"
    Info (12134): Parameter "rdcontrol_aclr_b" = "NONE"
    Info (12134): Parameter "rdcontrol_reg_b" = "CLOCK1"
    Info (12134): Parameter "read_during_write_mode_mixed_ports" = "DONT_CARE"
    Info (12134): Parameter "read_during_write_mode_port_a" = "NEW_DATA_NO_NBE_READ"
    Info (12134): Parameter "read_during_write_mode_port_b" = "NEW_DATA_NO_NBE_READ"
    Info (12134): Parameter "stratixiv_m144k_allow_dual_clocks" = "ON"
    Info (12134): Parameter "width_a" = "32"
    Info (12134): Parameter "width_b" = "1"
    Info (12134): Parameter "width_byteena_a" = "1"
    Info (12134): Parameter "width_byteena_b" = "1"
    Info (12134): Parameter "width_eccstatus" = "3"
    Info (12134): Parameter "widthad_a" = "6"
    Info (12134): Parameter "widthad_b" = "1"
    Info (12134): Parameter "wrcontrol_aclr_a" = "UNUSED"
    Info (12134): Parameter "wrcontrol_aclr_b" = "NONE"
    Info (12134): Parameter "wrcontrol_wraddress_reg_b" = "CLOCK1"
    Info (12134): Parameter "lpm_hint" = "ENABLE_RUNTIME_MOD=NO"
    Info (12134): Parameter "lpm_type" = "altsyncram"
Info (12021): Found 1 design units, including 1 entities, in source file db/altsyncram_up14.tdf
    Info (12023): Found entity 1: altsyncram_up14 File: C:/Users/ronaldocanesqui/Desktop/MipsProcessor-master/db/altsyncram_up14.tdf Line: 28
Info (12128): Elaborating entity "altsyncram_up14" for hierarchy "ROMVHDL:rom|altsyncram:altsyncram_component|altsyncram_up14:auto_generated" File: c:/altera_lite/15.1/quartus/libraries/megafunctions/altsyncram.tdf Line: 792
Info (12128): Elaborating entity "mips_control" for hierarchy "mips_control:control" File: C:/Users/ronaldocanesqui/Desktop/MipsProcessor-master/mips_processor.vhd Line: 367
Warning (10492): VHDL Process Statement warning at mips_control.vhd(62): signal "R_type" is read inside the Process Statement but isn't in the Process Statement's sensitivity list File: C:/Users/ronaldocanesqui/Desktop/MipsProcessor-master/mips_control.vhd Line: 62
Info (12128): Elaborating entity "register_file" for hierarchy "register_file:reg_file" File: C:/Users/ronaldocanesqui/Desktop/MipsProcessor-master/mips_processor.vhd Line: 377
Info (12128): Elaborating entity "mux" for hierarchy "mux:mux_reg_file" File: C:/Users/ronaldocanesqui/Desktop/MipsProcessor-master/mips_processor.vhd Line: 383
Info (12128): Elaborating entity "mux32" for hierarchy "mux32:mux_alu" File: C:/Users/ronaldocanesqui/Desktop/MipsProcessor-master/mips_processor.vhd Line: 387
Info (12128): Elaborating entity "signextend" for hierarchy "signextend:sign_extend" File: C:/Users/ronaldocanesqui/Desktop/MipsProcessor-master/mips_processor.vhd Line: 419
Info (12128): Elaborating entity "alu" for hierarchy "alu:alu_main" File: C:/Users/ronaldocanesqui/Desktop/MipsProcessor-master/mips_processor.vhd Line: 423
Warning (10492): VHDL Process Statement warning at alu.vhd(53): signal "Result" is read inside the Process Statement but isn't in the Process Statement's sensitivity list File: C:/Users/ronaldocanesqui/Desktop/MipsProcessor-master/alu.vhd Line: 53
Warning (10492): VHDL Process Statement warning at alu.vhd(59): signal "Result" is read inside the Process Statement but isn't in the Process Statement's sensitivity list File: C:/Users/ronaldocanesqui/Desktop/MipsProcessor-master/alu.vhd Line: 59
Warning (10631): VHDL Process Statement warning at alu.vhd(19): inferring latch(es) for signal or variable "Result", which holds its previous value in one or more paths through the process File: C:/Users/ronaldocanesqui/Desktop/MipsProcessor-master/alu.vhd Line: 19
Info (10041): Inferred latch for "Result[0]" at alu.vhd(19) File: C:/Users/ronaldocanesqui/Desktop/MipsProcessor-master/alu.vhd Line: 19
Info (10041): Inferred latch for "Result[1]" at alu.vhd(19) File: C:/Users/ronaldocanesqui/Desktop/MipsProcessor-master/alu.vhd Line: 19
Info (10041): Inferred latch for "Result[2]" at alu.vhd(19) File: C:/Users/ronaldocanesqui/Desktop/MipsProcessor-master/alu.vhd Line: 19
Info (10041): Inferred latch for "Result[3]" at alu.vhd(19) File: C:/Users/ronaldocanesqui/Desktop/MipsProcessor-master/alu.vhd Line: 19
Info (10041): Inferred latch for "Result[4]" at alu.vhd(19) File: C:/Users/ronaldocanesqui/Desktop/MipsProcessor-master/alu.vhd Line: 19
Info (10041): Inferred latch for "Result[5]" at alu.vhd(19) File: C:/Users/ronaldocanesqui/Desktop/MipsProcessor-master/alu.vhd Line: 19
Info (10041): Inferred latch for "Result[6]" at alu.vhd(19) File: C:/Users/ronaldocanesqui/Desktop/MipsProcessor-master/alu.vhd Line: 19
Info (10041): Inferred latch for "Result[7]" at alu.vhd(19) File: C:/Users/ronaldocanesqui/Desktop/MipsProcessor-master/alu.vhd Line: 19
Info (10041): Inferred latch for "Result[8]" at alu.vhd(19) File: C:/Users/ronaldocanesqui/Desktop/MipsProcessor-master/alu.vhd Line: 19
Info (10041): Inferred latch for "Result[9]" at alu.vhd(19) File: C:/Users/ronaldocanesqui/Desktop/MipsProcessor-master/alu.vhd Line: 19
Info (10041): Inferred latch for "Result[10]" at alu.vhd(19) File: C:/Users/ronaldocanesqui/Desktop/MipsProcessor-master/alu.vhd Line: 19
Info (10041): Inferred latch for "Result[11]" at alu.vhd(19) File: C:/Users/ronaldocanesqui/Desktop/MipsProcessor-master/alu.vhd Line: 19
Info (10041): Inferred latch for "Result[12]" at alu.vhd(19) File: C:/Users/ronaldocanesqui/Desktop/MipsProcessor-master/alu.vhd Line: 19
Info (10041): Inferred latch for "Result[13]" at alu.vhd(19) File: C:/Users/ronaldocanesqui/Desktop/MipsProcessor-master/alu.vhd Line: 19
Info (10041): Inferred latch for "Result[14]" at alu.vhd(19) File: C:/Users/ronaldocanesqui/Desktop/MipsProcessor-master/alu.vhd Line: 19
Info (10041): Inferred latch for "Result[15]" at alu.vhd(19) File: C:/Users/ronaldocanesqui/Desktop/MipsProcessor-master/alu.vhd Line: 19
Info (10041): Inferred latch for "Result[16]" at alu.vhd(19) File: C:/Users/ronaldocanesqui/Desktop/MipsProcessor-master/alu.vhd Line: 19
Info (10041): Inferred latch for "Result[17]" at alu.vhd(19) File: C:/Users/ronaldocanesqui/Desktop/MipsProcessor-master/alu.vhd Line: 19
Info (10041): Inferred latch for "Result[18]" at alu.vhd(19) File: C:/Users/ronaldocanesqui/Desktop/MipsProcessor-master/alu.vhd Line: 19
Info (10041): Inferred latch for "Result[19]" at alu.vhd(19) File: C:/Users/ronaldocanesqui/Desktop/MipsProcessor-master/alu.vhd Line: 19
Info (10041): Inferred latch for "Result[20]" at alu.vhd(19) File: C:/Users/ronaldocanesqui/Desktop/MipsProcessor-master/alu.vhd Line: 19
Info (10041): Inferred latch for "Result[21]" at alu.vhd(19) File: C:/Users/ronaldocanesqui/Desktop/MipsProcessor-master/alu.vhd Line: 19
Info (10041): Inferred latch for "Result[22]" at alu.vhd(19) File: C:/Users/ronaldocanesqui/Desktop/MipsProcessor-master/alu.vhd Line: 19
Info (10041): Inferred latch for "Result[23]" at alu.vhd(19) File: C:/Users/ronaldocanesqui/Desktop/MipsProcessor-master/alu.vhd Line: 19
Info (10041): Inferred latch for "Result[24]" at alu.vhd(19) File: C:/Users/ronaldocanesqui/Desktop/MipsProcessor-master/alu.vhd Line: 19
Info (10041): Inferred latch for "Result[25]" at alu.vhd(19) File: C:/Users/ronaldocanesqui/Desktop/MipsProcessor-master/alu.vhd Line: 19
Info (10041): Inferred latch for "Result[26]" at alu.vhd(19) File: C:/Users/ronaldocanesqui/Desktop/MipsProcessor-master/alu.vhd Line: 19
Info (10041): Inferred latch for "Result[27]" at alu.vhd(19) File: C:/Users/ronaldocanesqui/Desktop/MipsProcessor-master/alu.vhd Line: 19
Info (10041): Inferred latch for "Result[28]" at alu.vhd(19) File: C:/Users/ronaldocanesqui/Desktop/MipsProcessor-master/alu.vhd Line: 19
Info (10041): Inferred latch for "Result[29]" at alu.vhd(19) File: C:/Users/ronaldocanesqui/Desktop/MipsProcessor-master/alu.vhd Line: 19
Info (10041): Inferred latch for "Result[30]" at alu.vhd(19) File: C:/Users/ronaldocanesqui/Desktop/MipsProcessor-master/alu.vhd Line: 19
Info (10041): Inferred latch for "Result[31]" at alu.vhd(19) File: C:/Users/ronaldocanesqui/Desktop/MipsProcessor-master/alu.vhd Line: 19
Info (12128): Elaborating entity "RAM" for hierarchy "RAM:mem" File: C:/Users/ronaldocanesqui/Desktop/MipsProcessor-master/mips_processor.vhd Line: 434
Info (12128): Elaborating entity "altsyncram" for hierarchy "RAM:mem|altsyncram:altsyncram_component" File: C:/Users/ronaldocanesqui/Desktop/MipsProcessor-master/RAM.vhd Line: 63
Info (12130): Elaborated megafunction instantiation "RAM:mem|altsyncram:altsyncram_component" File: C:/Users/ronaldocanesqui/Desktop/MipsProcessor-master/RAM.vhd Line: 63
Info (12133): Instantiated megafunction "RAM:mem|altsyncram:altsyncram_component" with the following parameter: File: C:/Users/ronaldocanesqui/Desktop/MipsProcessor-master/RAM.vhd Line: 63
    Info (12134): Parameter "address_aclr_a" = "UNUSED"
    Info (12134): Parameter "address_aclr_b" = "NONE"
    Info (12134): Parameter "address_reg_b" = "CLOCK1"
    Info (12134): Parameter "byte_size" = "8"
    Info (12134): Parameter "byteena_aclr_a" = "UNUSED"
    Info (12134): Parameter "byteena_aclr_b" = "NONE"
    Info (12134): Parameter "byteena_reg_b" = "CLOCK1"
    Info (12134): Parameter "clock_enable_core_a" = "USE_INPUT_CLKEN"
    Info (12134): Parameter "clock_enable_core_b" = "USE_INPUT_CLKEN"
    Info (12134): Parameter "clock_enable_input_a" = "BYPASS"
    Info (12134): Parameter "clock_enable_input_b" = "NORMAL"
    Info (12134): Parameter "clock_enable_output_a" = "BYPASS"
    Info (12134): Parameter "clock_enable_output_b" = "NORMAL"
    Info (12134): Parameter "intended_device_family" = "Cyclone V"
    Info (12134): Parameter "ecc_pipeline_stage_enabled" = "FALSE"
    Info (12134): Parameter "enable_ecc" = "FALSE"
    Info (12134): Parameter "implement_in_les" = "OFF"
    Info (12134): Parameter "indata_aclr_a" = "UNUSED"
    Info (12134): Parameter "indata_aclr_b" = "NONE"
    Info (12134): Parameter "indata_reg_b" = "CLOCK1"
    Info (12134): Parameter "init_file" = "UNUSED"
    Info (12134): Parameter "init_file_layout" = "PORT_A"
    Info (12134): Parameter "maximum_depth" = "0"
    Info (12134): Parameter "numwords_a" = "64"
    Info (12134): Parameter "numwords_b" = "0"
    Info (12134): Parameter "operation_mode" = "SINGLE_PORT"
    Info (12134): Parameter "outdata_aclr_a" = "NONE"
    Info (12134): Parameter "outdata_aclr_b" = "NONE"
    Info (12134): Parameter "outdata_reg_a" = "UNREGISTERED"
    Info (12134): Parameter "outdata_reg_b" = "UNREGISTERED"
    Info (12134): Parameter "power_up_uninitialized" = "FALSE"
    Info (12134): Parameter "ram_block_type" = "AUTO"
    Info (12134): Parameter "rdcontrol_aclr_b" = "NONE"
    Info (12134): Parameter "rdcontrol_reg_b" = "CLOCK1"
    Info (12134): Parameter "read_during_write_mode_mixed_ports" = "DONT_CARE"
    Info (12134): Parameter "read_during_write_mode_port_a" = "DONT_CARE"
    Info (12134): Parameter "read_during_write_mode_port_b" = "NEW_DATA_NO_NBE_READ"
    Info (12134): Parameter "stratixiv_m144k_allow_dual_clocks" = "ON"
    Info (12134): Parameter "width_a" = "32"
    Info (12134): Parameter "width_b" = "1"
    Info (12134): Parameter "width_byteena_a" = "1"
    Info (12134): Parameter "width_byteena_b" = "1"
    Info (12134): Parameter "width_eccstatus" = "3"
    Info (12134): Parameter "widthad_a" = "6"
    Info (12134): Parameter "widthad_b" = "1"
    Info (12134): Parameter "wrcontrol_aclr_a" = "UNUSED"
    Info (12134): Parameter "wrcontrol_aclr_b" = "NONE"
    Info (12134): Parameter "wrcontrol_wraddress_reg_b" = "CLOCK1"
    Info (12134): Parameter "lpm_hint" = "ENABLE_RUNTIME_MOD=NO"
    Info (12134): Parameter "lpm_type" = "altsyncram"
Info (12021): Found 1 design units, including 1 entities, in source file db/altsyncram_imv3.tdf
    Info (12023): Found entity 1: altsyncram_imv3 File: C:/Users/ronaldocanesqui/Desktop/MipsProcessor-master/db/altsyncram_imv3.tdf Line: 28
Info (12128): Elaborating entity "altsyncram_imv3" for hierarchy "RAM:mem|altsyncram:altsyncram_component|altsyncram_imv3:auto_generated" File: c:/altera_lite/15.1/quartus/libraries/megafunctions/altsyncram.tdf Line: 792
Info (12128): Elaborating entity "andgate" for hierarchy "andgate:bne_and" File: C:/Users/ronaldocanesqui/Desktop/MipsProcessor-master/mips_processor.vhd Line: 439
Info (12128): Elaborating entity "orgate" for hierarchy "orgate:branch" File: C:/Users/ronaldocanesqui/Desktop/MipsProcessor-master/mips_processor.vhd Line: 445
Info (12128): Elaborating entity "forwarding" for hierarchy "forwarding:forward" File: C:/Users/ronaldocanesqui/Desktop/MipsProcessor-master/mips_processor.vhd Line: 452
Warning (10541): VHDL Signal Declaration warning at forwarding.vhd(24): used implicit default value for signal "fRead_data1_out" because signal was never assigned a value or an explicit default value. Use of implicit default value may introduce unintended design optimizations. File: C:/Users/ronaldocanesqui/Desktop/MipsProcessor-master/forwarding.vhd Line: 24
Warning (10541): VHDL Signal Declaration warning at forwarding.vhd(25): used implicit default value for signal "fRead_data2_out" because signal was never assigned a value or an explicit default value. Use of implicit default value may introduce unintended design optimizations. File: C:/Users/ronaldocanesqui/Desktop/MipsProcessor-master/forwarding.vhd Line: 25
Warning (10036): Verilog HDL or VHDL warning at forwarding.vhd(32): object "sRead_data1_out" assigned a value but never read File: C:/Users/ronaldocanesqui/Desktop/MipsProcessor-master/forwarding.vhd Line: 32
Warning (10036): Verilog HDL or VHDL warning at forwarding.vhd(33): object "sRead_data2_out" assigned a value but never read File: C:/Users/ronaldocanesqui/Desktop/MipsProcessor-master/forwarding.vhd Line: 33
Warning (10492): VHDL Process Statement warning at forwarding.vhd(82): signal "fWrite_reg_MEMWB" is read inside the Process Statement but isn't in the Process Statement's sensitivity list File: C:/Users/ronaldocanesqui/Desktop/MipsProcessor-master/forwarding.vhd Line: 82
Warning (10492): VHDL Process Statement warning at forwarding.vhd(84): signal "fWrite_reg_MEMWB" is read inside the Process Statement but isn't in the Process Statement's sensitivity list File: C:/Users/ronaldocanesqui/Desktop/MipsProcessor-master/forwarding.vhd Line: 84
Warning (10492): VHDL Process Statement warning at forwarding.vhd(89): signal "fWrite_reg_MEMWB" is read inside the Process Statement but isn't in the Process Statement's sensitivity list File: C:/Users/ronaldocanesqui/Desktop/MipsProcessor-master/forwarding.vhd Line: 89
Warning (10492): VHDL Process Statement warning at forwarding.vhd(91): signal "fWrite_reg_MEMWB" is read inside the Process Statement but isn't in the Process Statement's sensitivity list File: C:/Users/ronaldocanesqui/Desktop/MipsProcessor-master/forwarding.vhd Line: 91
Warning (10631): VHDL Process Statement warning at forwarding.vhd(70): inferring latch(es) for signal or variable "rd1_mux", which holds its previous value in one or more paths through the process File: C:/Users/ronaldocanesqui/Desktop/MipsProcessor-master/forwarding.vhd Line: 70
Warning (10631): VHDL Process Statement warning at forwarding.vhd(70): inferring latch(es) for signal or variable "rd2_mux", which holds its previous value in one or more paths through the process File: C:/Users/ronaldocanesqui/Desktop/MipsProcessor-master/forwarding.vhd Line: 70
Error (10344): VHDL expression error at forwarding.vhd(120): expression has 5 elements, but must have 32 elements File: C:/Users/ronaldocanesqui/Desktop/MipsProcessor-master/forwarding.vhd Line: 120
Error (10344): VHDL expression error at forwarding.vhd(121): expression has 5 elements, but must have 32 elements File: C:/Users/ronaldocanesqui/Desktop/MipsProcessor-master/forwarding.vhd Line: 121
Error (10324): VHDL Expression error at forwarding.vhd(123): expression ""00000"" has 5 elements ; expected 32 elements. File: C:/Users/ronaldocanesqui/Desktop/MipsProcessor-master/forwarding.vhd Line: 123
Error (12152): Can't elaborate user hierarchy "forwarding:forward" File: C:/Users/ronaldocanesqui/Desktop/MipsProcessor-master/mips_processor.vhd Line: 452
Error: Quartus Prime Analysis & Synthesis was unsuccessful. 4 errors, 27 warnings
    Error: Peak virtual memory: 5058 megabytes
    Error: Processing ended: Thu May 02 10:54:04 2019
    Error: Elapsed time: 00:00:12
    Error: Total CPU time (on all processors): 00:00:29


