------------------------------------------------------------
TimeQuest Timing Analyzer Summary
------------------------------------------------------------

Type  : Slow 1100mV 85C Model Setup 'salucontrol_IDEX[0]'
Slack : -14.926
TNS   : -451.062

Type  : Slow 1100mV 85C Model Setup 'slow_clock'
Slack : -9.573
TNS   : -7947.508

Type  : Slow 1100mV 85C Model Hold 'slow_clock'
Slack : -2.185
TNS   : -5.279

Type  : Slow 1100mV 85C Model Hold 'salucontrol_IDEX[0]'
Slack : -0.063
TNS   : -0.067

Type  : Slow 1100mV 85C Model Minimum Pulse Width 'slow_clock'
Slack : -3.166
TNS   : -1791.911

Type  : Slow 1100mV 85C Model Minimum Pulse Width 'salucontrol_IDEX[0]'
Slack : 0.185
TNS   : 0.000

Type  : Slow 1100mV 0C Model Setup 'salucontrol_IDEX[0]'
Slack : -15.011
TNS   : -454.528

Type  : Slow 1100mV 0C Model Setup 'slow_clock'
Slack : -9.549
TNS   : -7708.649

Type  : Slow 1100mV 0C Model Hold 'slow_clock'
Slack : -2.299
TNS   : -5.636

Type  : Slow 1100mV 0C Model Hold 'salucontrol_IDEX[0]'
Slack : -0.244
TNS   : -0.344

Type  : Slow 1100mV 0C Model Minimum Pulse Width 'slow_clock'
Slack : -3.166
TNS   : -1705.951

Type  : Slow 1100mV 0C Model Minimum Pulse Width 'salucontrol_IDEX[0]'
Slack : 0.169
TNS   : 0.000

Type  : Fast 1100mV 85C Model Setup 'salucontrol_IDEX[0]'
Slack : -6.146
TNS   : -183.348

Type  : Fast 1100mV 85C Model Setup 'slow_clock'
Slack : -4.266
TNS   : -2921.671

Type  : Fast 1100mV 85C Model Hold 'slow_clock'
Slack : -0.996
TNS   : -2.410

Type  : Fast 1100mV 85C Model Hold 'salucontrol_IDEX[0]'
Slack : 0.040
TNS   : 0.000

Type  : Fast 1100mV 85C Model Minimum Pulse Width 'slow_clock'
Slack : -2.174
TNS   : -106.536

Type  : Fast 1100mV 85C Model Minimum Pulse Width 'salucontrol_IDEX[0]'
Slack : 0.171
TNS   : 0.000

Type  : Fast 1100mV 0C Model Setup 'salucontrol_IDEX[0]'
Slack : -5.560
TNS   : -165.617

Type  : Fast 1100mV 0C Model Setup 'slow_clock'
Slack : -3.663
TNS   : -2460.016

Type  : Fast 1100mV 0C Model Hold 'slow_clock'
Slack : -0.999
TNS   : -2.468

Type  : Fast 1100mV 0C Model Hold 'salucontrol_IDEX[0]'
Slack : 0.007
TNS   : 0.000

Type  : Fast 1100mV 0C Model Minimum Pulse Width 'slow_clock'
Slack : -2.174
TNS   : -131.109

Type  : Fast 1100mV 0C Model Minimum Pulse Width 'salucontrol_IDEX[0]'
Slack : 0.230
TNS   : 0.000

------------------------------------------------------------
