------------------------------------------------------------
TimeQuest Timing Analyzer Summary
------------------------------------------------------------

Type  : Slow 1100mV 85C Model Setup 'salucontrol_IDEX[0]'
Slack : -14.291
TNS   : -434.322

Type  : Slow 1100mV 85C Model Setup 'slow_clock'
Slack : -7.880
TNS   : -8766.876

Type  : Slow 1100mV 85C Model Hold 'slow_clock'
Slack : -0.081
TNS   : -1.004

Type  : Slow 1100mV 85C Model Hold 'salucontrol_IDEX[0]'
Slack : 0.412
TNS   : 0.000

Type  : Slow 1100mV 85C Model Minimum Pulse Width 'slow_clock'
Slack : -3.166
TNS   : -2037.606

Type  : Slow 1100mV 85C Model Minimum Pulse Width 'salucontrol_IDEX[0]'
Slack : 0.257
TNS   : 0.000

Type  : Slow 1100mV 0C Model Setup 'salucontrol_IDEX[0]'
Slack : -14.435
TNS   : -434.683

Type  : Slow 1100mV 0C Model Setup 'slow_clock'
Slack : -7.696
TNS   : -8521.322

Type  : Slow 1100mV 0C Model Hold 'slow_clock'
Slack : -0.336
TNS   : -4.300

Type  : Slow 1100mV 0C Model Hold 'salucontrol_IDEX[0]'
Slack : 0.124
TNS   : 0.000

Type  : Slow 1100mV 0C Model Minimum Pulse Width 'slow_clock'
Slack : -3.166
TNS   : -1967.200

Type  : Slow 1100mV 0C Model Minimum Pulse Width 'salucontrol_IDEX[0]'
Slack : 0.295
TNS   : 0.000

Type  : Fast 1100mV 85C Model Setup 'salucontrol_IDEX[0]'
Slack : -5.937
TNS   : -175.898

Type  : Fast 1100mV 85C Model Setup 'slow_clock'
Slack : -3.496
TNS   : -2941.982

Type  : Fast 1100mV 85C Model Hold 'slow_clock'
Slack : -0.116
TNS   : -1.494

Type  : Fast 1100mV 85C Model Hold 'salucontrol_IDEX[0]'
Slack : 0.247
TNS   : 0.000

Type  : Fast 1100mV 85C Model Minimum Pulse Width 'slow_clock'
Slack : -2.174
TNS   : -118.580

Type  : Fast 1100mV 85C Model Minimum Pulse Width 'salucontrol_IDEX[0]'
Slack : 0.219
TNS   : 0.000

Type  : Fast 1100mV 0C Model Setup 'salucontrol_IDEX[0]'
Slack : -5.337
TNS   : -158.386

Type  : Fast 1100mV 0C Model Setup 'slow_clock'
Slack : -2.997
TNS   : -2449.745

Type  : Fast 1100mV 0C Model Hold 'slow_clock'
Slack : -0.209
TNS   : -2.703

Type  : Fast 1100mV 0C Model Hold 'salucontrol_IDEX[0]'
Slack : 0.193
TNS   : 0.000

Type  : Fast 1100mV 0C Model Minimum Pulse Width 'slow_clock'
Slack : -2.174
TNS   : -144.768

Type  : Fast 1100mV 0C Model Minimum Pulse Width 'salucontrol_IDEX[0]'
Slack : 0.286
TNS   : 0.000

------------------------------------------------------------
